// Jest Snapshot v1, https://goo.gl/fbAQLP

exports[`[POST] /register responds with newly created user 1`] = `
Object {
  "id": 1,
  "password": "fairies",
  "username": "pincess_serenity",
}
`;
